Microchip MPLAB XC8 Compiler V1.21 ()

Linker command line:

--edf=E:\Microchip\xc8\v1.21\dat\en_msgs.txt -cs \
  -h+dist/default/debug\Tetris.X.debug.sym \
  --cmf=dist/default/debug\Tetris.X.debug.cmf -z -Q18F4550 \
  -oC:\Users\rolfes\AppData\Local\Temp\s16s.6 \
  -Mdist/default/debug/Tetris.X.debug.map -E1 -ver=XC8 -ACODE=00h-07FFFh \
  -ACONST=00h-07FFFh -ASMALLCONST=0800h-08FFhx120 \
  -AMEDIUMCONST=0800h-07FFFh -ACOMRAM=01h-05Fh -AABS1=00h-07FFh \
  -ABIGRAM=01h-07FFh -ARAM=060h-0FFh,0100h-01FFhx7 -ABANK0=060h-0FFh \
  -ABANK1=0100h-01FFh -ABANK2=0200h-02FFh -ABANK3=0300h-03FFh \
  -ABANK4=0400h-04FFh -ABANK5=0500h-05FFh -ABANK6=0600h-06FFh \
  -ABANK7=0700h-07FFh -ASFR=0F60h-0FFFh \
  -preset_vec=00h,intcode=08h,intcodelo=018h,powerup,init,end_init \
  -pramtop=0800h -psmallconst=SMALLCONST -pmediumconst=MEDIUMCONST \
  -pconst=CONST -AFARRAM=00h-00h -ACONFIG=0300000h-030000Dh -pconfig=CONFIG \
  -AIDLOC=0200000h-0200007h -pidloc=IDLOC -AEEDATA=0F00000h-0F000FFh \
  -peeprom_data=EEDATA \
  -prdata=COMRAM,nvrram=COMRAM,nvbit=COMRAM,rbss=COMRAM,rbit=COMRAM \
  -pfarbss=FARRAM,fardata=FARRAM,nvFARRAM=FARRAM \
  -pintsave_regs=BIGRAM,bigbss=BIGRAM,bigdata=BIGRAM -pbss=RAM \
  -pidata=CODE,irdata=CODE,ibigdata=CODE,ifardata=CODE \
  C:\Users\rolfes\AppData\Local\Temp\s16s.obj \
  dist/default/debug\Tetris.X.debug.obj 

Object code version is 3.11

Machine type is 18F4550

Call graph: (short form)




                Name                               Link     Load   Length Selector   Space Scale
C:\Users\rolfes\AppData\Local\Temp\s16s.obj
                end_init                            112      112        4        C       0
                reset_vec                             0        0        4        0       0
                idloc                            200000   200000        8   200000       0
                config                           300000   300000        E   300000       0
dist/default/debug\Tetris.X.debug.obj
                intcodelo                            18       18       FA        C       0
                intcode                               8        8        C        4       0
                intcode_body                        116      116       82        C       0
                text6                               214      214       7C        C       0
                text4                               198      198       7C        C       0
                text3                               334      334        6        C       0
                text2                               32E      32E        6        C       0
                text1                               290      290       76        C       0
                cstackCOMRAM                         34       34       2C        1       1
                bssBANK0                             60       60       78       60       1
                bssCOMRAM                             1        1       33        1       1
                cinit                               306      306       1E        C       0
                text0                               324      324        A        C       0

TOTAL           Name                               Link     Load   Length     Space
        CLASS   CODE           
                end_init                            112      112        4         0
                intcodelo                            18       18       FA         0
                intcode                               8        8        C         0
                reset_vec                             0        0        4         0
                intcode_body                        116      116       82         0
                text6                               214      214       7C         0
                text4                               198      198       7C         0
                text3                               334      334        6         0
                text2                               32E      32E        6         0
                text1                               290      290       76         0
                cinit                               306      306       1E         0
                text0                               324      324        A         0

        CLASS   CONST          

        CLASS   SMALLCONST     

        CLASS   MEDIUMCONST    

        CLASS   COMRAM         
                cstackCOMRAM                         34       34       2C         1
                bssCOMRAM                             1        1       33         1

        CLASS   ABS1           

        CLASS   BIGRAM         

        CLASS   RAM            

        CLASS   BANK0          
                bssBANK0                             60       60       78         1

        CLASS   BANK1          

        CLASS   BANK2          

        CLASS   BANK3          

        CLASS   BANK4          

        CLASS   BANK5          

        CLASS   BANK6          

        CLASS   BANK7          

        CLASS   SFR            

        CLASS   FARRAM         

        CLASS   CONFIG         
                config                           300000   300000        E         0

        CLASS   IDLOC          
                idloc                            200000   200000        8         0

        CLASS   EEDATA         



SEGMENTS        Name                           Load    Length   Top    Selector   Space  Class

                reset_vec                      000000  000004  000004         0       0  CODE    
                bssCOMRAM                      000001  00005F  000060         1       1  COMRAM  
                intcode                        000008  00000C  000014         4       0  CODE    
                intcodelo                      000018  000322  00033A         C       0  CODE    
                bssBANK0                       000060  000078  0000D8        60       1  BANK0   
                idloc                          200000  000008  200008    200000       0  IDLOC   
                config                         300000  00000E  30000E    300000       0  CONFIG  


UNUSED ADDRESS RANGES

        Name                Unused          Largest block    Delta
        BANK0            0000D8-0000FF               28
        BANK1            000100-0001FF              100
        BANK2            000200-0002FF              100
        BANK3            000300-0003FF              100
        BANK4            000400-0004FF              100
        BANK5            000500-0005FF              100
        BANK6            000600-0006FF              100
        BANK7            000700-0007FF              100
        BIGRAM           0000D8-0007FF              728
        CODE             000004-000007                4
                         000014-000017                4
                         00033A-007FFF             7CC6
        CONST            000004-000007                4
                         000014-000017                4
                         00033A-007FFF             7CC6
        EEDATA           F00000-F000FF              100
        MEDIUMCONST      000800-007FFF             7800
        RAM              0000D8-0007FF              100
        SFR              000F60-000FFF               A0
        SMALLCONST       000800-007FFF              100

                                  Symbol Table

?___awmod                   cstackCOMRAM 000034
_INTCON2bits                (abs)        000FF1
_INTCONbits                 (abs)        000FF2
_IPR1bits                   (abs)        000F9F
_OSCCON                     (abs)        000FD3
_OSCTUNE                    (abs)        000F9B
_PIE1bits                   (abs)        000F9D
_PIR1bits                   (abs)        000F9E
_PORTB                      (abs)        000F81
_PORTD                      (abs)        000F83
_RCONbits                   (abs)        000FD0
_T1CON                      (abs)        000FCD
_T1CONbits                  (abs)        000FCD
_T2CON                      (abs)        000FCA
_T2CONbits                  (abs)        000FCA
_TMR1H                      (abs)        000FCF
_TMR1L                      (abs)        000FCE
_TMR2                       (abs)        000FCC
_TRISB                      (abs)        000F93
_TRISD                      (abs)        000F95
__CFG_BOR$OFF               (abs)        000000
__CFG_CPUDIV$OSC1_PLL2      (abs)        000000
__CFG_FCMEN$ON              (abs)        000000
__CFG_FOSC$ECPLLIO_EC       (abs)        000000
__CFG_IESO$ON               (abs)        000000
__CFG_LVP$OFF               (abs)        000000
__CFG_MCLRE$ON              (abs)        000000
__CFG_PBADEN$OFF            (abs)        000000
__CFG_PLLDIV$12             (abs)        000000
__CFG_PWRT$ON               (abs)        000000
__CFG_STVREN$ON             (abs)        000000
__CFG_USBDIV$2              (abs)        000000
__CFG_WDT$OFF               (abs)        000000
__HRAM                      (abs)        000000
__Habs1                     abs1         000000
__Hbank0                    bank0        000000
__Hbank1                    bank1        000000
__Hbank2                    bank2        000000
__Hbank3                    bank3        000000
__Hbank4                    bank4        000000
__Hbank5                    bank5        000000
__Hbank6                    bank6        000000
__Hbank7                    bank7        000000
__Hbigbss                   bigbss       000000
__Hbigdata                  bigdata      000000
__Hbigram                   bigram       000000
__Hbss                      bss          000000
__HbssBANK0                 bssBANK0     000000
__HbssCOMRAM                bssCOMRAM    000000
__Hcinit                    cinit        000000
__Hclrtext                  clrtext      000000
__Hcomram                   comram       000000
__Hconfig                   config       30000E
__Hconst                    const        000000
__HcstackCOMRAM             cstackCOMRAM 000000
__Hdata                     data         000000
__Heeprom_data              eeprom_data  000000
__Hend_init                 end_init     000116
__Hfarbss                   farbss       000000
__Hfardata                  fardata      000000
__Hibigdata                 ibigdata     000000
__Hidata                    idata        000000
__Hidloc                    idloc        200008
__Hifardata                 ifardata     000000
__Hinit                     init         000112
__Hintcode                  intcode      000014
__Hintcode_body             intcode_body 000000
__Hintcodelo                intcodelo    000112
__Hintentry                 intentry     000000
__Hintret                   intret       000000
__Hintsave_regs             intsave_regs 000000
__Hirdata                   irdata       000000
__Hmediumconst              mediumconst  000000
__HnvFARRAM                 nvFARRAM     000000
__Hnvbit                    nvbit        000000
__Hnvrram                   nvrram       000000
__Hparam                    rparam       000000
__Hpowerup                  powerup      000112
__Hram                      ram          000000
__Hramtop                   ramtop       000800
__Hrbit                     rbit         000000
__Hrbss                     rbss         000000
__Hrdata                    rdata        000000
__Hreset_vec                reset_vec    000004
__Hrparam                   rparam       000000
__Hsfr                      sfr          000000
__Hsmallconst               smallconst   000000
__Hstruct                   struct       000000
__Htemp                     temp         000000
__Htext                     text         000000
__Htext0                    text0        000000
__Htext1                    text1        000000
__Htext2                    text2        000000
__Htext3                    text3        000000
__Htext4                    text4        000000
__Htext6                    text6        000000
__LRAM                      (abs)        000001
__Labs1                     abs1         000000
__Lbank0                    bank0        000000
__Lbank1                    bank1        000000
__Lbank2                    bank2        000000
__Lbank3                    bank3        000000
__Lbank4                    bank4        000000
__Lbank5                    bank5        000000
__Lbank6                    bank6        000000
__Lbank7                    bank7        000000
__Lbigbss                   bigbss       000000
__Lbigdata                  bigdata      000000
__Lbigram                   bigram       000000
__Lbss                      bss          000000
__LbssBANK0                 bssBANK0     000000
__LbssCOMRAM                bssCOMRAM    000000
__Lcinit                    cinit        000000
__Lclrtext                  clrtext      000000
__Lcomram                   comram       000000
__Lconfig                   config       300000
__Lconst                    const        000000
__LcstackCOMRAM             cstackCOMRAM 000000
__Ldata                     data         000000
__Leeprom_data              eeprom_data  000000
__Lend_init                 end_init     000112
__Lfarbss                   farbss       000000
__Lfardata                  fardata      000000
__Libigdata                 ibigdata     000000
__Lidata                    idata        000000
__Lidloc                    idloc        200000
__Lifardata                 ifardata     000000
__Linit                     init         000112
__Lintcode                  intcode      000008
__Lintcode_body             intcode_body 000000
__Lintcodelo                intcodelo    000018
__Lintentry                 intentry     000000
__Lintret                   intret       000000
__Lintsave_regs             intsave_regs 000000
__Lirdata                   irdata       000000
__Lmediumconst              mediumconst  000000
__LnvFARRAM                 nvFARRAM     000000
__Lnvbit                    nvbit        000000
__Lnvrram                   nvrram       000000
__Lparam                    rparam       000000
__Lpowerup                  powerup      000112
__Lram                      ram          000000
__Lramtop                   ramtop       000800
__Lrbit                     rbit         000000
__Lrbss                     rbss         000000
__Lrdata                    rdata        000000
__Lreset_vec                reset_vec    000000
__Lrparam                   rparam       000000
__Lsfr                      sfr          000000
__Lsmallconst               smallconst   000000
__Lstruct                   struct       000000
__Ltemp                     temp         000000
__Ltext                     text         000000
__Ltext0                    text0        000000
__Ltext1                    text1        000000
__Ltext2                    text2        000000
__Ltext3                    text3        000000
__Ltext4                    text4        000000
__Ltext6                    text6        000000
__S0                        (abs)        30000E
__S1                        (abs)        0000D8
___awmod                    text6        000214
___awmod@counter            cstackCOMRAM 000039
___awmod@dividend           cstackCOMRAM 000034
___awmod@divisor            cstackCOMRAM 000036
___awmod@sign               cstackCOMRAM 00003A
__accesstop                 (abs)        000060
__activetblptr              (abs)        000000
__end_of___awmod            text6        000290
__end_of__initialization    cinit        00031E
__end_of_disableInterrupts  text3        00033A
__end_of_enableInterrupts   text2        000334
__end_of_high_interrupt     intcode_body 000198
__end_of_low_interrupt      intcodelo    000112
__end_of_main               text0        00032E
__end_of_send_board         text1        000306
__end_of_setup              text4        000214
__initialization            cinit        000306
__mediumconst               mediumconst  000000
__pbssBANK0                 bssBANK0     000060
__pbssCOMRAM                bssCOMRAM    000001
__pcinit                    cinit        000306
__pcstackCOMRAM             cstackCOMRAM 000034
__pintcode                  intcode      000008
__pintcode_body             intcode_body 000116
__pintcodelo                intcodelo    000018
__ptext0                    text0        000324
__ptext1                    text1        000290
__ptext2                    text2        00032E
__ptext3                    text3        000334
__ptext4                    text4        000198
__ptext6                    text6        000214
__ramtop                    ramtop       000800
__size_of___awmod           (abs)        000000
__size_of_disableInterrupts (abs)        000000
__size_of_enableInterrupts  (abs)        000000
__size_of_high_interrupt    (abs)        000000
__size_of_low_interrupt     (abs)        000000
__size_of_main              (abs)        000000
__size_of_send_board        (abs)        000000
__size_of_setup             (abs)        000000
__smallconst                smallconst   000000
_b_buf_ptr                  bssCOMRAM    000033
_b_value                    bssCOMRAM    000029
_block_coding               bssBANK0     000060
_current_height             bssCOMRAM    000001
_disableInterrupts          text3        000334
_enableInterrupts           text2        00032E
_high_interrupt             intcode      000008
_low_interrupt              intcodelo    000018
_main                       text0        000324
_send_board                 text1        000290
_setup                      text4        000198
end_of_initialization       cinit        00031E
int_func                    intcode_body 000116
intlevel0                   text         000000
intlevel1                   text         000000
intlevel2                   text         000000
intlevel3                   text         000000
send_board@index            cstackCOMRAM 00005F
send_board@wait_time        cstackCOMRAM 00005D
send_board@x                cstackCOMRAM 00005B
send_board@y                cstackCOMRAM 00005C
setup@index                 cstackCOMRAM 00005B
setup@index_191             cstackCOMRAM 00005C
setup@index_192             cstackCOMRAM 00005D
start                       init         000112
start_initialization        cinit        000306


FUNCTION INFORMATION:

 *************** function _main *****************
 Defined at:
		line 74 in file "main.c"
 Parameters:    Size  Location     Type
		None
 Auto vars:     Size  Location     Type
		None
 Return value:  Size  Location     Type
		None               void
 Registers used:
		wreg, fsr0l, fsr0h, fsr1l, fsr1h, fsr1l, fsr1h, fsr2l, fsr2h, status,2, status,0, pclat, btemp, btemp+1, btemp+2, btemp+3, btemp+4, btemp+5, btemp+6, btemp+7, tosl, structret, tblptrl, tblptrh, tblptru, prodl, prodh, bsr, cstack
 Tracked objects:
		On entry : 
		On exit  : 
		Unchanged: 
 Data sizes:     COMRAM   BANK0   BANK1   BANK2   BANK3   BANK4   BANK5   BANK6   BANK7
      Params:         0       0       0       0       0       0       0       0       0
      Locals:         0       0       0       0       0       0       0       0       0
      Temps:          0       0       0       0       0       0       0       0       0
      Totals:         0       0       0       0       0       0       0       0       0
Total ram usage:        0 bytes
 Hardware stack levels required when called:    5
 This function calls:
		_setup
		_send_board
 This function is called by:
		Startup code after reset
 This function uses a non-reentrant model


 *************** function _send_board *****************
 Defined at:
		line 92 in file "main.c"
 Parameters:    Size  Location     Type
		None
 Auto vars:     Size  Location     Type
  index           1   43[COMRAM] unsigned char 
  wait_time       2   41[COMRAM] unsigned short 
  y               1   40[COMRAM] unsigned char 
  x               1   39[COMRAM] unsigned char 
 Return value:  Size  Location     Type
		None               void
 Registers used:
		wreg, fsr0l, fsr0h, fsr1l, fsr1h, fsr1l, fsr1h, fsr2l, fsr2h, status,2, status,0, pclat, btemp, btemp+1, btemp+2, btemp+3, btemp+4, btemp+5, btemp+6, btemp+7, tosl, structret, tblptrl, tblptrh, tblptru, prodl, prodh, bsr, cstack
 Tracked objects:
		On entry : 
		On exit  : 
		Unchanged: 
 Data sizes:     COMRAM   BANK0   BANK1   BANK2   BANK3   BANK4   BANK5   BANK6   BANK7
      Params:         0       0       0       0       0       0       0       0       0
      Locals:         5       0       0       0       0       0       0       0       0
      Temps:          1       0       0       0       0       0       0       0       0
      Totals:         6       0       0       0       0       0       0       0       0
Total ram usage:        6 bytes
 Hardware stack levels used:    1
 Hardware stack levels required when called:    4
 This function calls:
		_disableInterrupts
		_enableInterrupts
 This function is called by:
		_main
 This function uses a non-reentrant model


 *************** function _enableInterrupts *****************
 Defined at:
		line 4 in file "setupFunctions.c"
 Parameters:    Size  Location     Type
		None
 Auto vars:     Size  Location     Type
		None
 Return value:  Size  Location     Type
		None               void
 Registers used:
		None
 Tracked objects:
		On entry : 
		On exit  : 
		Unchanged: 
 Data sizes:     COMRAM   BANK0   BANK1   BANK2   BANK3   BANK4   BANK5   BANK6   BANK7
      Params:         0       0       0       0       0       0       0       0       0
      Locals:         0       0       0       0       0       0       0       0       0
      Temps:          0       0       0       0       0       0       0       0       0
      Totals:         0       0       0       0       0       0       0       0       0
Total ram usage:        0 bytes
 Hardware stack levels used:    1
 Hardware stack levels required when called:    3
 This function calls:
		Nothing
 This function is called by:
		_send_board
 This function uses a non-reentrant model


 *************** function _disableInterrupts *****************
 Defined at:
		line 9 in file "setupFunctions.c"
 Parameters:    Size  Location     Type
		None
 Auto vars:     Size  Location     Type
		None
 Return value:  Size  Location     Type
		None               void
 Registers used:
		None
 Tracked objects:
		On entry : 
		On exit  : 
		Unchanged: 
 Data sizes:     COMRAM   BANK0   BANK1   BANK2   BANK3   BANK4   BANK5   BANK6   BANK7
      Params:         0       0       0       0       0       0       0       0       0
      Locals:         0       0       0       0       0       0       0       0       0
      Temps:          0       0       0       0       0       0       0       0       0
      Totals:         0       0       0       0       0       0       0       0       0
Total ram usage:        0 bytes
 Hardware stack levels used:    1
 Hardware stack levels required when called:    3
 This function calls:
		Nothing
 This function is called by:
		_send_board
		_interrupt_setup
 This function uses a non-reentrant model


 *************** function _setup *****************
 Defined at:
		line 51 in file "main.c"
 Parameters:    Size  Location     Type
		None
 Auto vars:     Size  Location     Type
  index           1   41[COMRAM] unsigned char 
  index           1   40[COMRAM] unsigned char 
  index           1   39[COMRAM] unsigned char 
 Return value:  Size  Location     Type
		None               void
 Registers used:
		wreg, fsr2l, fsr2h, status,2, status,0, prodl, prodh
 Tracked objects:
		On entry : 
		On exit  : 
		Unchanged: 
 Data sizes:     COMRAM   BANK0   BANK1   BANK2   BANK3   BANK4   BANK5   BANK6   BANK7
      Params:         0       0       0       0       0       0       0       0       0
      Locals:         3       0       0       0       0       0       0       0       0
      Temps:          1       0       0       0       0       0       0       0       0
      Totals:         4       0       0       0       0       0       0       0       0
Total ram usage:        4 bytes
 Hardware stack levels used:    1
 Hardware stack levels required when called:    3
 This function calls:
		Nothing
 This function is called by:
		_main
 This function uses a non-reentrant model


 *************** function _low_interrupt *****************
 Defined at:
		line 33 in file "main.c"
 Parameters:    Size  Location     Type
		None
 Auto vars:     Size  Location     Type
		None
 Return value:  Size  Location     Type
		None               void
 Registers used:
		wreg, fsr2l, fsr2h, status,2, status,0, prodl, prodh, cstack
 Tracked objects:
		On entry : 
		On exit  : 
		Unchanged: 
 Data sizes:     COMRAM   BANK0   BANK1   BANK2   BANK3   BANK4   BANK5   BANK6   BANK7
      Params:         0       0       0       0       0       0       0       0       0
      Locals:         0       0       0       0       0       0       0       0       0
      Temps:         17       0       0       0       0       0       0       0       0
      Totals:        17       0       0       0       0       0       0       0       0
Total ram usage:       17 bytes
 Hardware stack levels used:    1
 Hardware stack levels required when called:    2
 This function calls:
		___awmod
 This function is called by:
		Interrupt level 1
 This function uses a non-reentrant model


 *************** function ___awmod *****************
 Defined at:
		line 10 in file "E:\Microchip\xc8\v1.21\sources\common\awmod.c"
 Parameters:    Size  Location     Type
  dividend        2    0[COMRAM] int 
  divisor         2    2[COMRAM] int 
 Auto vars:     Size  Location     Type
  sign            1    6[COMRAM] unsigned char 
  counter         1    5[COMRAM] unsigned char 
 Return value:  Size  Location     Type
                  2    0[COMRAM] int 
 Registers used:
		wreg, status,2, status,0
 Tracked objects:
		On entry : 
		On exit  : 
		Unchanged: 
 Data sizes:     COMRAM   BANK0   BANK1   BANK2   BANK3   BANK4   BANK5   BANK6   BANK7
      Params:         4       0       0       0       0       0       0       0       0
      Locals:         2       0       0       0       0       0       0       0       0
      Temps:          1       0       0       0       0       0       0       0       0
      Totals:         7       0       0       0       0       0       0       0       0
Total ram usage:        7 bytes
 Hardware stack levels used:    1
 Hardware stack levels required when called:    1
 This function calls:
		Nothing
 This function is called by:
		_low_interrupt
 This function uses a non-reentrant model


 *************** function _high_interrupt *****************
 Defined at:
		line 20 in file "main.c"
 Parameters:    Size  Location     Type
		None
 Auto vars:     Size  Location     Type
		None
 Return value:  Size  Location     Type
		None               void
 Registers used:
		None
 Tracked objects:
		On entry : 
		On exit  : 
		Unchanged: 
 Data sizes:     COMRAM   BANK0   BANK1   BANK2   BANK3   BANK4   BANK5   BANK6   BANK7
      Params:         0       0       0       0       0       0       0       0       0
      Locals:         0       0       0       0       0       0       0       0       0
      Temps:         14       0       0       0       0       0       0       0       0
      Totals:        14       0       0       0       0       0       0       0       0
Total ram usage:       14 bytes
 Hardware stack levels used:    1
 This function calls:
		Nothing
 This function is called by:
		Interrupt level 2
 This function uses a non-reentrant model



MODULE INFORMATION

Module		Function		Class		Link	Load	Size
shared
		__initializatio		CODE           	0306	0000	24

shared estimated size: 24

setupFunctions.c
		_disableInterru		CODE           	0334	0000	6
		_enableInterrup		CODE           	032E	0000	6

setupFunctions.c estimated size: 12

main.c
		_send_board    		CODE           	0290	0000	118
		_high_interrupt		CODE           	0008	0000	400
		_main          		CODE           	0324	0000	10
		_low_interrupt 		CODE           	0018	0000	250
		_setup         		CODE           	0198	0000	124

main.c estimated size: 902

E:\Microchip\xc8\v1.21\sources\common\awmod.c
		___awmod       		CODE           	0214	0000	124

E:\Microchip\xc8\v1.21\sources\common\awmod.c estimated size: 124

